<?xml version="1.0" encoding="UTF-8"?>
<TestRun id="b67fe150-fce1-4ae3-afbe-9dbbeb7e571e" name="calvep@SIAD111W 2014-04-16 13:32:31" runUser="HOC\calvep" xmlns="http://microsoft.com/schemas/VisualStudio/TeamTest/2010">
  <TestSettings name="Local" id="96334962-906c-46c9-8522-73141da7f407">
    <Description>These are default test settings for a local test run.</Description>
    <Deployment enabled="false" runDeploymentRoot="calvep_SIAD111W 2014-04-16 13_32_31">
      <DeploymentItem filename="C:\Program Files\Laurent Bugnion (GalaSoft)\Mvvm Light Toolkit\Binaries\WPF4\GalaSoft.MvvmLight.WPF4.dll" />
      <DeploymentItem filename="D:\dev\Not-Hoc\Patware\Splitix\Splitix\bin\Debug\Splitix.exe" />
      <DeploymentItem filename="C:\Program Files\Laurent Bugnion (GalaSoft)\Mvvm Light Toolkit\Binaries\WPF4\Microsoft.Practices.ServiceLocation.dll" />
      <DeploymentItem filename="C:\Program Files\Laurent Bugnion (GalaSoft)\Mvvm Light Toolkit\Binaries\WPF4\System.Windows.Interactivity.dll" />
      <DeploymentItem filename="C:\Program Files\Laurent Bugnion (GalaSoft)\Mvvm Light Toolkit\Binaries\WPF4\GalaSoft.MvvmLight.Extras.WPF4.dll" />
    </Deployment>
    <Execution>
      <TestTypeSpecific />
      <AgentRule name="Execution Agents">
      </AgentRule>
    </Execution>
  </TestSettings>
  <Times creation="2014-04-16T13:32:31.5385225-04:00" queuing="2014-04-16T13:32:31.7330225-04:00" start="2014-04-16T13:32:31.7585225-04:00" finish="2014-04-16T13:32:32.0890225-04:00" />
  <ResultSummary outcome="Failed">
    <Counters total="1" executed="1" error="0" failed="1" timeout="0" aborted="0" inconclusive="0" passedButRunAborted="0" notRunnable="0" notExecuted="0" disconnected="0" warning="0" passed="0" completed="0" inProgress="0" pending="0" />
  </ResultSummary>
  <TestDefinitions>
    <UnitTest name="parse_5_Items_2_Column_RowFirst" storage="d:\dev\not-hoc\patware\splitix\splitix.testproject\bin\debug\splitix.testproject.dll" id="18a2a884-e382-71cf-ef19-72c0d72ba0cb">
      <Execution id="24c9d148-ff94-45d3-98fe-808cba5916b3" />
      <TestMethod codeBase="D:/dev/Not-Hoc/Patware/Splitix/Splitix.TestProject/bin/Debug/Splitix.TestProject.DLL" adapterTypeName="Microsoft.VisualStudio.TestTools.TestTypes.Unit.UnitTestAdapter, Microsoft.VisualStudio.QualityTools.Tips.UnitTest.Adapter, Version=10.0.0.0, Culture=neutral, PublicKeyToken=b03f5f7f11d50a3a" className="Splitix.TestProject.InputParserTest, Splitix.TestProject, Version=1.0.0.0, Culture=neutral, PublicKeyToken=null" name="parse_5_Items_2_Column_RowFirst" />
    </UnitTest>
  </TestDefinitions>
  <TestLists>
    <TestList name="Results Not in a List" id="8c84fa94-04c1-424b-9868-57a2d4851a1d" />
    <TestList name="All Loaded Results" id="19431567-8539-422a-85d7-44ee4e166bda" />
  </TestLists>
  <TestEntries>
    <TestEntry testId="18a2a884-e382-71cf-ef19-72c0d72ba0cb" executionId="24c9d148-ff94-45d3-98fe-808cba5916b3" testListId="8c84fa94-04c1-424b-9868-57a2d4851a1d" />
  </TestEntries>
  <Results>
    <UnitTestResult executionId="24c9d148-ff94-45d3-98fe-808cba5916b3" testId="18a2a884-e382-71cf-ef19-72c0d72ba0cb" testName="parse_5_Items_2_Column_RowFirst" computerName="SIAD111W" duration="00:00:00.0422474" startTime="2014-04-16T13:32:31.7685225-04:00" endTime="2014-04-16T13:32:32.0670225-04:00" testType="13cdc9d9-ddb5-4fa4-a97d-d965ccfc6d4b" outcome="Failed" testListId="8c84fa94-04c1-424b-9868-57a2d4851a1d" relativeResultsDirectory="24c9d148-ff94-45d3-98fe-808cba5916b3">
      <Output>
        <ErrorInfo>
          <Message>Test method Splitix.TestProject.InputParserTest.parse_5_Items_2_Column_RowFirst threw exception: 
System.IndexOutOfRangeException: Index was outside the bounds of the array.</Message>
          <StackTrace>    at Splitix.Service.InputParser.fillRowFirst(IList`1 items, String[][] table) in D:\dev\Not-Hoc\Patware\Splitix\Splitix\Service\InputParser.cs:line 101
   at Splitix.Service.InputParser.&lt;.ctor&gt;b__7(IList`1 i, String[][] t) in D:\dev\Not-Hoc\Patware\Splitix\Splitix\Service\InputParser.cs:line 41
   at Splitix.Service.InputParser.Parse(String input, Int32 numberOfItems, Axis axis, Orientation orientation) in D:\dev\Not-Hoc\Patware\Splitix\Splitix\Service\InputParser.cs:line 60
   at Splitix.TestProject.InputParserTest.parse_5_Items_2_Column_RowFirst() in D:\dev\Not-Hoc\Patware\Splitix\Splitix.TestProject\InputParserTest.cs:line 141
</StackTrace>
        </ErrorInfo>
      </Output>
    </UnitTestResult>
  </Results>
</TestRun>